[
  ["Doctor appointment 2025-09-01", "2025-09-01T00:00:00Z"],
  ["Meeting 1 Sep 2025", "2025-09-01T00:00:00Z"],
  ["Call 9/2/2025", "2025-02-09T00:00:00Z"],
  ["Lunch 2/9", "2025-09-02T00:00:00Z"],
  ["Gym 02/09", "2025-09-02T00:00:00Z"],
  ["Dentist Sep 3", "2025-09-03T00:00:00Z"],
  ["Anniversary 3 Sep 2025", "2025-09-03T00:00:00Z"],
  ["Project due 2025/09/04", "2025-09-04T00:00:00Z"],
  ["Pay rent 4 Sept", "2025-09-04T00:00:00Z"],
  ["Coffee 5-9-2025", "2025-09-05T00:00:00Z"],
  ["Standup 6 9", null],
  ["Event 7 Sep", "2025-09-07T00:00:00Z"],
  ["Visit 8 Sep 2025", "2025-09-08T00:00:00Z"],
  ["Birthday 9/9", "2025-09-09T00:00:00Z"],
  ["Holiday 10 Sep", "2025-09-10T00:00:00Z"],
  ["Workshop 11 Sep 2025", "2025-09-11T00:00:00Z"],
  ["Follow up 12/9/2025", "2025-09-12T00:00:00Z"],
  ["Review 13 Sep", "2025-09-13T00:00:00Z"],
  ["Check-in 14/9", "2025-09-14T00:00:00Z"],
  ["Reminder 15 Sep 2025", "2025-09-15T00:00:00Z"],

  ["Meetup 1/9", "2025-09-01T00:00:00Z"],
  ["Doctor 01/09", "2025-09-01T00:00:00Z"],
  ["Appointment 2/9/2025", "2025-09-02T00:00:00Z"],
  ["Lunch 02/9/2025", "2025-09-02T00:00:00Z"],
  ["Party 10/09", "2025-09-10T00:00:00Z"],
  ["Conference 10/9/2025", "2025-09-10T00:00:00Z"],
  ["Payment due 5/9", "2025-09-05T00:00:00Z"],
  ["Service 05/09/2025", "2025-09-05T00:00:00Z"],
  ["Check 15/8", "2025-08-15T00:00:00Z"],
  ["Backup 7/12/2025", "2025-12-07T00:00:00Z"],

  ["Reminder: Sept 7 is the deadline for the form", "2025-09-07T00:00:00Z"],
  ["We meet (Sept 7) after lunch", "2025-09-07T00:00:00Z"],
  ["Party on Sept 7 at my place", "2025-09-07T00:00:00Z"],
  ["Call me Sept 7 morning", "2025-09-07T00:00:00Z"],
  ["Notes: project due Sept 7 - prepare slides", "2025-09-07T00:00:00Z"],

  ["Doctor appointment 10 Sep every year", "2025-09-10T00:00:00Z"],
  ["Water out plant out front every 2 weeks 5/9", "2025-09-05T00:00:00Z"],
  ["Yoga class 5 Sep weekly", "2025-09-05T00:00:00Z"],
  ["Pay subscription 12/9 every month", "2025-09-12T00:00:00Z"],
  ["Inspect AC 01/10 yearly", "2025-10-01T00:00:00Z"],
  ["Team retro 3 Sep every 2 weeks", "2025-09-03T00:00:00Z"],
  ["Gardening day 7/9 recurring", "2025-09-07T00:00:00Z"],
  ["Car service 15 Sep every 6 months", "2025-09-15T00:00:00Z"],
  ["Alarm check Sept 20 annually", "2025-09-20T00:00:00Z"],
  ["Volunteer day 20/9 repeats monthly", "2025-09-20T00:00:00Z"],

  ["Extra AU single 5/9", "2025-09-05T00:00:00Z"],
  ["Extra AU single 6/9", "2025-09-06T00:00:00Z"],
  ["Extra AU single 7/1", "2025-01-07T00:00:00Z"],
  ["Extra AU single 8/2", "2025-02-08T00:00:00Z"],
  ["Extra AU single 9/3", "2025-03-09T00:00:00Z"],
  ["Extra AU single 1/4", "2025-04-01T00:00:00Z"],
  ["Extra AU single 2/5", "2025-05-02T00:00:00Z"],
  ["Extra AU single 3/6", "2025-06-03T00:00:00Z"],
  ["Extra AU single 4/7", "2025-07-04T00:00:00Z"],
  ["Extra AU single 5/8", "2025-08-05T00:00:00Z"]
  ,
  ["Conference on 3/9 4/9 - two sessions", ["2025-09-03T00:00:00Z", "2025-09-04T00:00:00Z"]],
  ["Finals 10 Sep and 12 Sep - review on 9 Sep", ["2025-09-10T00:00:00Z", "2025-09-12T00:00:00Z", "2025-09-09T00:00:00Z"]]
  ,
  ["Workshops: 01/09, 02/09 and 03/09", ["2025-09-01T00:00:00Z", "2025-09-02T00:00:00Z", "2025-09-03T00:00:00Z"]],
  ["Workshops2: 1/9, 2/9 and 3/9", ["2025-09-01T00:00:00Z", "2025-09-02T00:00:00Z", "2025-09-03T00:00:00Z"]],
  ["Meet 5th Sep, 6th Sep; 7 Sep", ["2025-09-05T00:00:00Z", "2025-09-06T00:00:00Z", "2025-09-07T00:00:00Z"]],
  ["Sprint review 2025-09-20/2025-09-21", ["2025-09-20T00:00:00Z", "2025-09-21T00:00:00Z"]],
  ["Two quick calls 4/9 6/9", ["2025-09-04T00:00:00Z", "2025-09-06T00:00:00Z"]]
  ,
  ["Follow up 12/9/2025 (dd/mm)", "2025-09-12T00:00:00Z"],
  ["Follow up 12/09/2025", "2025-09-12T00:00:00Z"],
  ["Follow up 12-9-2025", "2025-09-12T00:00:00Z"],
  ["Follow up 12/9/25", "2025-09-12T00:00:00Z"],
  ["Follow up 12/9", "2025-09-12T00:00:00Z"]
]
